py27 develop-inst-nodeps: /home/tenobreg/coding/upstream/sahara/sahara
py27 installed: alabaster==0.7.11,alembic==1.0.0,amqp==2.3.2,appdirs==1.4.3,asn1crypto==0.24.0,astroid==1.3.8,Babel==2.6.0,bandit==1.5.0,bashate==0.6.0,bcrypt==3.1.4,botocore==1.10.62,cachetools==2.1.0,castellan==0.18.0,certifi==2018.4.16,cffi==1.11.5,chardet==3.0.4,click==6.7,cliff==2.13.0,cmd2==0.8.8,contextlib2==0.5.5,coverage==4.5.1,cryptography==2.3,debtcollector==1.20.0,decorator==4.3.0,deprecation==2.0.5,doc8==0.8.0,docutils==0.14,dogpile.cache==0.6.6,dulwich==0.19.5,enum-compat==0.0.2,enum34==1.1.6,eventlet==0.20.0,extras==1.0.0,fasteners==0.14.1,fixtures==3.0.0,flake8==2.5.5,Flask==1.0.2,funcsigs==1.0.2,functools32==3.2.3.post2,future==0.16.0,futures==3.2.0,futurist==1.7.0,gitdb2==2.0.4,GitPython==2.1.11,greenlet==0.4.13,hacking==0.12.0,idna==2.7,imagesize==1.0.0,ipaddress==1.0.22,iso8601==0.1.12,itsdangerous==0.24,Jinja2==2.10,jmespath==0.9.3,jsonpatch==1.23,jsonpointer==2.0,jsonschema==2.6.0,keystoneauth1==3.10.0,keystonemiddleware==5.2.0,kombu==4.2.1,linecache2==1.0.0,logilab-common==1.4.2,Mako==1.0.7,MarkupSafe==1.0,mccabe==0.2.1,mock==2.0.0,monotonic==1.5,mox3==0.26.0,msgpack==0.5.6,munch==2.3.2,netaddr==0.7.19,netifaces==0.10.7,openstackdocstheme==1.22.0,openstacksdk==0.17.2,os-api-ref==1.5.0,os-client-config==1.31.2,os-service-types==1.3.0,os-testr==1.0.0,osc-lib==1.11.1,oslo.cache==1.30.1,oslo.concurrency==3.27.0,oslo.config==6.4.0,oslo.context==2.21.0,oslo.db==4.40.0,oslo.i18n==3.21.0,oslo.log==3.39.0,oslo.messaging==8.1.0,oslo.middleware==3.36.0,oslo.policy==1.38.1,oslo.rootwrap==5.14.1,oslo.serialization==2.27.0,oslo.service==1.31.3,oslo.utils==3.36.4,oslotest==3.6.0,packaging==17.1,paramiko==2.4.1,Paste==2.0.3,PasteDeploy==1.5.2,pbr==4.2.0,pep8==1.5.7,prettytable==0.7.2,psycopg2==2.7.5,pyasn1==0.4.3,pycadf==2.8.0,pycparser==2.18,pyflakes==0.8.1,Pygments==2.2.0,pyinotify==0.9.6,pylint==1.4.5,PyMySQL==0.9.2,PyNaCl==1.2.1,pyOpenSSL==18.0.0,pyparsing==2.2.0,pyperclip==1.6.4,python-barbicanclient==4.7.0,python-cinderclient==4.0.1,python-dateutil==2.7.3,python-editor==1.0.3,python-glanceclient==2.12.1,python-heatclient==1.16.1,python-keystoneclient==3.17.0,python-manilaclient==1.24.1,python-mimeparse==1.6.0,python-neutronclient==6.9.0,python-novaclient==11.0.0,python-openstackclient==3.16.0,python-saharaclient==2.0.0,python-subunit==1.3.0,python-swiftclient==3.6.0,pytz==2018.5,PyYAML==3.13,reno==2.9.2,repoze.lru==0.7,requests==2.19.1,requestsexceptions==1.4.0,restructuredtext-lint==1.1.3,rfc3986==1.1.0,Routes==2.4.1,-e git+https://github.com/openstack/sahara.git@efb05b3624044f307168d0b5da888132f51aebb7#egg=sahara,simplejson==3.16.0,six==1.11.0,smmap2==2.0.4,snowballstemmer==1.2.1,Sphinx==1.7.6,sphinxcontrib-httpdomain==1.7.0,sphinxcontrib-websupport==1.1.0,SQLAlchemy==1.2.10,sqlalchemy-migrate==0.11.0,sqlparse==0.2.4,statsd==3.2.2,stestr==2.1.0,stevedore==1.29.0,subprocess32==3.5.2,Tempita==0.5.2,tenacity==4.12.0,testresources==2.0.1,testscenarios==0.5.0,testtools==2.3.0,tooz==1.62.0,traceback2==1.4.0,typing==3.6.4,unicodecsv==0.14.1,unittest2==1.1.0,urllib3==1.23,vine==1.1.4,voluptuous==0.11.1,warlock==1.3.0,wcwidth==0.1.7,WebOb==1.8.2,Werkzeug==0.14.1,wrapt==1.10.11
py27 runtests: PYTHONHASHSEED='839100177'
py27 runtests: commands[0] | ostestr

=========================
Failures during discovery
=========================
--- import errors ---
Failed to import test module: sahara.tests.unit.service.edp.spark.test_shell
Traceback (most recent call last):
  File "/home/tenobreg/coding/upstream/sahara/sahara/.tox/py27/lib/python2.7/site-packages/unittest2/loader.py", line 456, in _find_test_path
    module = self._get_module_from_name(name)
  File "/home/tenobreg/coding/upstream/sahara/sahara/.tox/py27/lib/python2.7/site-packages/unittest2/loader.py", line 395, in _get_module_from_name
    __import__(name)
  File "sahara/tests/unit/service/edp/spark/test_shell.py", line 18, in <module>
    from sahara.plugins.spark import shell_engine
ImportError: No module named spark

Failed to import test module: sahara.tests.unit.service.edp.spark.test_spark
Traceback (most recent call last):
  File "/home/tenobreg/coding/upstream/sahara/sahara/.tox/py27/lib/python2.7/site-packages/unittest2/loader.py", line 456, in _find_test_path
    module = self._get_module_from_name(name)
  File "/home/tenobreg/coding/upstream/sahara/sahara/.tox/py27/lib/python2.7/site-packages/unittest2/loader.py", line 395, in _get_module_from_name
    __import__(name)
  File "sahara/tests/unit/service/edp/spark/test_spark.py", line 17, in <module>
    from sahara.plugins.spark import edp_engine as spark_edp
ImportError: No module named spark

================================================================================
The above traceback was encountered during test discovery which imports all the found test modules in the specified test_path.
ERROR: InvocationError: '/home/tenobreg/coding/upstream/sahara/sahara/.tox/py27/bin/ostestr'
___________________________________ summary ____________________________________
ERROR:   py27: commands failed
